Error at line 6: symbol 'gcd1' has not been declared before this use!
Error at line 7: symbol 'gcd2' has not been declared before this use!
Error at line 8: symbol 'gcd1' has not been declared before this use!
Error at line 8: symbol 'gcd2' has not been declared before this use!
