Program
  List
    FunctionDecl ID="a"
      List
    FunctionDecl ID="b"
      List
